// Jest Snapshot v1, https://goo.gl/fbAQLP

exports[`Change Phone Number: standard flow should render successfully 1`] = `
<Provider
  store={
    Object {
      "dispatch": [Function],
      "getState": [Function],
      "subscribe": [Function],
    }
  }
>
  <Router
    history={
      Object {
        "action": "POP",
        "block": [Function],
        "canGo": [Function],
        "createHref": [Function],
        "entries": Array [],
        "go": [Function],
        "goBack": [Function],
        "goForward": [Function],
        "index": 0,
        "length": 1,
        "listen": [Function],
        "location": Object {
          "hash": "",
          "key": "",
          "pathname": "/",
          "search": "",
          "state": undefined,
        },
        "push": [Function],
        "replace": [Function],
      }
    }
  >
    <withRouter(MobilePhoneChange)
      configuration={
        Object {
          "auto_login": true,
          "components": Object {
            "contact_page": Object {
              "email": Object {
                "label": Object {
                  "en": "E-mail",
                },
                "value": Object {
                  "en": "support@openwisp.co",
                },
              },
              "helpdesk": Object {
                "label": Object {
                  "en": "Helpdesk",
                },
                "value": Object {
                  "en": "+789 948 564",
                },
              },
              "social_links": Array [
                Object {
                  "alt": Object {
                    "en": "twitter",
                  },
                  "icon": "twitter.svg",
                  "url": "https://twitter.com/openwisp",
                },
                Object {
                  "alt": Object {
                    "en": "facebook",
                  },
                  "icon": "facebook.svg",
                  "url": "https://facebook.com/openwisp",
                },
              ],
            },
            "mobile_phone_verification_form": Object {
              "buttons": Object {
                "change": Object {
                  "en": "Change your phone number",
                },
                "logout": Object {
                  "en": "Logout",
                },
                "resend": Object {
                  "en": "Send a new verification code",
                },
                "verify": Object {
                  "en": "Submit",
                },
              },
              "input_fields": Object {
                "code": Object {
                  "label": Object {
                    "en": "code",
                  },
                  "pattern": "[0-9]{6,}",
                  "pattern_description": Object {
                    "en": "this field must be a 6 digit numeric code",
                  },
                  "placeholder": Object {
                    "en": "enter SMS verification code",
                  },
                  "type": "text",
                },
              },
              "text": Object {
                "change": Object {
                  "en": "Wrong phone number?",
                },
                "logout": Object {
                  "en": "If you need to cancel the process you can log out below.",
                },
                "resend": Object {
                  "en": "If you did not receive the verification SMS code, you can try sending it again by clicking below.",
                },
                "token_sent": Object {
                  "en": "SMS verification code sent successfully.",
                },
                "verify": Object {
                  "en": "Verify your mobile phone number ({phone_number}) by inserting the code you received via SMS below.",
                },
              },
            },
            "phone_number_change_form": Object {
              "buttons": Object {
                "cancel": Object {
                  "text": Object {
                    "en": "Cancel",
                  },
                },
                "change_phone_number": Object {
                  "text": Object {
                    "en": "Change phone number",
                  },
                },
              },
              "input_fields": Object {
                "phone_number": Object {
                  "country": "it",
                  "label": Object {
                    "en": "moible phone number",
                  },
                  "placeholder": Object {
                    "en": "enter mobile phone number",
                  },
                },
              },
              "text": Object {
                "token_sent": Object {
                  "en": "SMS verification code sent successfully.",
                },
              },
            },
            "registration_form": Object {
              "additional_info_text": Object {
                "en": "By signing up, you accept the {terms_and_conditions} and the {privacy_policy} of this WiFi service. ",
              },
              "buttons": Object {
                "register": Object {
                  "label": null,
                  "text": Object {
                    "en": "sign up",
                  },
                },
              },
              "input_fields": Object {
                "email": Object {
                  "label": Object {
                    "en": "email",
                  },
                  "pattern": ".+@.+\\\\..+",
                  "pattern_description": Object {
                    "en": null,
                  },
                  "placeholder": Object {
                    "en": "email address",
                  },
                  "type": "email",
                },
                "password": Object {
                  "label": Object {
                    "en": "password",
                  },
                  "pattern": ".{6,}",
                  "pattern_description": Object {
                    "en": "password must be a minimum of 6 characters",
                  },
                  "placeholder": Object {
                    "en": "password",
                  },
                  "type": "password",
                },
                "password_confirm": Object {
                  "label": Object {
                    "en": "confirm",
                  },
                  "pattern": null,
                  "pattern_description": Object {
                    "en": null,
                  },
                  "placeholder": Object {
                    "en": "confirm password",
                  },
                  "type": "password",
                },
                "phone_number": Object {
                  "country": "it",
                  "label": Object {
                    "en": "moible phone number",
                  },
                  "placeholder": Object {
                    "en": "enter mobile phone number",
                  },
                },
              },
              "links": Object {
                "login": Object {
                  "en": "Already have an account? Log in",
                },
              },
            },
          },
          "name": "test org 2 (sms)",
          "privacy_policy": Object {
            "content": Object {
              "en": "...",
            },
            "title": Object {
              "en": "privacy policy",
            },
          },
          "settings": Object {
            "mobile_phone_verification": true,
          },
          "slug": "test-org-2",
          "terms_and_conditions": Object {
            "content": Object {
              "en": "...",
            },
            "title": Object {
              "en": "terms and conditions",
            },
          },
        }
      }
      cookies={
        Cookies {
          "HAS_DOCUMENT_COOKIE": true,
          "changeListeners": Array [],
          "cookies": Object {},
        }
      }
      language="en"
      logout={[MockFunction]}
      orgSlug="test-org-2"
      phone_number_change={
        Object {
          "buttons": Object {
            "cancel": Object {
              "text": Object {
                "en": "Cancel",
              },
            },
            "change_phone_number": Object {
              "text": Object {
                "en": "Change phone number",
              },
            },
          },
          "input_fields": Object {
            "phone_number": Object {
              "country": "it",
              "label": Object {
                "en": "moible phone number",
              },
              "placeholder": Object {
                "en": "enter mobile phone number",
              },
            },
          },
          "text": Object {
            "token_sent": Object {
              "en": "SMS verification code sent successfully.",
            },
          },
        }
      }
      settings={
        Object {
          "mobile_phone_verification": true,
        }
      }
      verifyMobileNumber={
        [MockFunction] {
          "calls": Array [
            Array [
              true,
            ],
          ],
          "results": Array [
            Object {
              "type": "return",
              "value": undefined,
            },
          ],
        }
      }
    >
      <MobilePhoneChange
        configuration={
          Object {
            "auto_login": true,
            "components": Object {
              "contact_page": Object {
                "email": Object {
                  "label": Object {
                    "en": "E-mail",
                  },
                  "value": Object {
                    "en": "support@openwisp.co",
                  },
                },
                "helpdesk": Object {
                  "label": Object {
                    "en": "Helpdesk",
                  },
                  "value": Object {
                    "en": "+789 948 564",
                  },
                },
                "social_links": Array [
                  Object {
                    "alt": Object {
                      "en": "twitter",
                    },
                    "icon": "twitter.svg",
                    "url": "https://twitter.com/openwisp",
                  },
                  Object {
                    "alt": Object {
                      "en": "facebook",
                    },
                    "icon": "facebook.svg",
                    "url": "https://facebook.com/openwisp",
                  },
                ],
              },
              "mobile_phone_verification_form": Object {
                "buttons": Object {
                  "change": Object {
                    "en": "Change your phone number",
                  },
                  "logout": Object {
                    "en": "Logout",
                  },
                  "resend": Object {
                    "en": "Send a new verification code",
                  },
                  "verify": Object {
                    "en": "Submit",
                  },
                },
                "input_fields": Object {
                  "code": Object {
                    "label": Object {
                      "en": "code",
                    },
                    "pattern": "[0-9]{6,}",
                    "pattern_description": Object {
                      "en": "this field must be a 6 digit numeric code",
                    },
                    "placeholder": Object {
                      "en": "enter SMS verification code",
                    },
                    "type": "text",
                  },
                },
                "text": Object {
                  "change": Object {
                    "en": "Wrong phone number?",
                  },
                  "logout": Object {
                    "en": "If you need to cancel the process you can log out below.",
                  },
                  "resend": Object {
                    "en": "If you did not receive the verification SMS code, you can try sending it again by clicking below.",
                  },
                  "token_sent": Object {
                    "en": "SMS verification code sent successfully.",
                  },
                  "verify": Object {
                    "en": "Verify your mobile phone number ({phone_number}) by inserting the code you received via SMS below.",
                  },
                },
              },
              "phone_number_change_form": Object {
                "buttons": Object {
                  "cancel": Object {
                    "text": Object {
                      "en": "Cancel",
                    },
                  },
                  "change_phone_number": Object {
                    "text": Object {
                      "en": "Change phone number",
                    },
                  },
                },
                "input_fields": Object {
                  "phone_number": Object {
                    "country": "it",
                    "label": Object {
                      "en": "moible phone number",
                    },
                    "placeholder": Object {
                      "en": "enter mobile phone number",
                    },
                  },
                },
                "text": Object {
                  "token_sent": Object {
                    "en": "SMS verification code sent successfully.",
                  },
                },
              },
              "registration_form": Object {
                "additional_info_text": Object {
                  "en": "By signing up, you accept the {terms_and_conditions} and the {privacy_policy} of this WiFi service. ",
                },
                "buttons": Object {
                  "register": Object {
                    "label": null,
                    "text": Object {
                      "en": "sign up",
                    },
                  },
                },
                "input_fields": Object {
                  "email": Object {
                    "label": Object {
                      "en": "email",
                    },
                    "pattern": ".+@.+\\\\..+",
                    "pattern_description": Object {
                      "en": null,
                    },
                    "placeholder": Object {
                      "en": "email address",
                    },
                    "type": "email",
                  },
                  "password": Object {
                    "label": Object {
                      "en": "password",
                    },
                    "pattern": ".{6,}",
                    "pattern_description": Object {
                      "en": "password must be a minimum of 6 characters",
                    },
                    "placeholder": Object {
                      "en": "password",
                    },
                    "type": "password",
                  },
                  "password_confirm": Object {
                    "label": Object {
                      "en": "confirm",
                    },
                    "pattern": null,
                    "pattern_description": Object {
                      "en": null,
                    },
                    "placeholder": Object {
                      "en": "confirm password",
                    },
                    "type": "password",
                  },
                  "phone_number": Object {
                    "country": "it",
                    "label": Object {
                      "en": "moible phone number",
                    },
                    "placeholder": Object {
                      "en": "enter mobile phone number",
                    },
                  },
                },
                "links": Object {
                  "login": Object {
                    "en": "Already have an account? Log in",
                  },
                },
              },
            },
            "name": "test org 2 (sms)",
            "privacy_policy": Object {
              "content": Object {
                "en": "...",
              },
              "title": Object {
                "en": "privacy policy",
              },
            },
            "settings": Object {
              "mobile_phone_verification": true,
            },
            "slug": "test-org-2",
            "terms_and_conditions": Object {
              "content": Object {
                "en": "...",
              },
              "title": Object {
                "en": "terms and conditions",
              },
            },
          }
        }
        cookies={
          Cookies {
            "HAS_DOCUMENT_COOKIE": true,
            "changeListeners": Array [],
            "cookies": Object {},
          }
        }
        history={
          Object {
            "action": "POP",
            "block": [Function],
            "canGo": [Function],
            "createHref": [Function],
            "entries": Array [],
            "go": [Function],
            "goBack": [Function],
            "goForward": [Function],
            "index": 0,
            "length": 1,
            "listen": [Function],
            "location": Object {
              "hash": "",
              "key": "",
              "pathname": "/",
              "search": "",
              "state": undefined,
            },
            "push": [Function],
            "replace": [Function],
          }
        }
        language="en"
        location={
          Object {
            "hash": "",
            "key": "",
            "pathname": "/",
            "search": "",
            "state": undefined,
          }
        }
        logout={[MockFunction]}
        match={
          Object {
            "isExact": true,
            "params": Object {},
            "path": "/",
            "url": "/",
          }
        }
        needsMobilePhoneVerification={null}
        orgSlug="test-org-2"
        phone_number_change={
          Object {
            "buttons": Object {
              "cancel": Object {
                "text": Object {
                  "en": "Cancel",
                },
              },
              "change_phone_number": Object {
                "text": Object {
                  "en": "Change phone number",
                },
              },
            },
            "input_fields": Object {
              "phone_number": Object {
                "country": "it",
                "label": Object {
                  "en": "moible phone number",
                },
                "placeholder": Object {
                  "en": "enter mobile phone number",
                },
              },
            },
            "text": Object {
              "token_sent": Object {
                "en": "SMS verification code sent successfully.",
              },
            },
          }
        }
        settings={
          Object {
            "mobile_phone_verification": true,
          }
        }
        verifyMobileNumber={
          [MockFunction] {
            "calls": Array [
              Array [
                true,
              ],
            ],
            "results": Array [
              Object {
                "type": "return",
                "value": undefined,
              },
            ],
          }
        }
      >
        <div
          className="owisp-phone-number-change-container"
        >
          <div
            className="owisp-phone-number-change-container-inner"
          >
            <div
              className="owisp-main-content"
            >
              <form
                className="owisp-phone-number-change-form"
                onSubmit={[Function]}
              >
                <div
                  className="owisp-phone-number-change-fieldset"
                >
                  <div
                    className="owisp-phone-number-change-label owisp-phone-number-change-label-phone-number"
                  >
                    <label
                      className="owisp-phone-number-change-label-text owisp-phone-number-change-label-text-phone-number"
                      htmlFor="owisp-phone-number-change-phone-number"
                    >
                      moible phone number
                    </label>
                    <t
                      alwaysDefaultMask={false}
                      areaCodes={null}
                      autoFormat={true}
                      autocompleteSearch={false}
                      buttonClass=""
                      buttonStyle={Object {}}
                      containerClass=""
                      containerStyle={Object {}}
                      copyNumbersOnly={true}
                      country="it"
                      countryCodeEditable={true}
                      defaultErrorMessage=""
                      defaultMask="... ... ... ... .."
                      disableCountryCode={false}
                      disableCountryGuess={false}
                      disableDropdown={false}
                      disableInitialCountryGuess={false}
                      disableSearchIcon={false}
                      disabled={false}
                      dropdownClass=""
                      dropdownStyle={Object {}}
                      enableAreaCodeStretch={false}
                      enableAreaCodes={false}
                      enableClickOutside={true}
                      enableLongNumbers={false}
                      enableSearch={false}
                      enableTerritories={false}
                      excludeCountries={Array []}
                      flagsImagePath="./flags.png"
                      inputClass=""
                      inputProps={
                        Object {
                          "className": "form-control owisp-phone-number-change-input owisp-phone-number-change-input-phone-number ",
                          "id": "owisp-phone-number-change-phone-number",
                          "name": "phone_number",
                          "required": true,
                        }
                      }
                      inputStyle={Object {}}
                      isValid={true}
                      jumpCursorToEnd={true}
                      keys={
                        Object {
                          "A": 65,
                          "DOWN": 40,
                          "ENTER": 13,
                          "ESC": 27,
                          "LEFT": 37,
                          "PLUS": 43,
                          "RIGHT": 39,
                          "SPACE": 32,
                          "TAB": 9,
                          "UP": 38,
                          "Z": 90,
                        }
                      }
                      localization={Object {}}
                      masks={null}
                      name="phone_number"
                      onChange={[Function]}
                      onEnterKeyPress={null}
                      onlyCountries={Array []}
                      placeholder="enter mobile phone number"
                      preferredCountries={Array []}
                      prefix="+"
                      preserveOrder={Array []}
                      priority={null}
                      regions=""
                      renderStringAsFlag=""
                      searchClass=""
                      searchNotFound="No entries to show"
                      searchPlaceholder="search"
                      searchStyle={Object {}}
                      showDropdown={false}
                      specialLabel="Phone"
                      value=""
                    >
                      <div
                        className=" react-tel-input"
                        onKeyDown={[Function]}
                        style={Object {}}
                      >
                        <div
                          className="special-label"
                        >
                          Phone
                        </div>
                        <input
                          className="form-control owisp-phone-number-change-input owisp-phone-number-change-input-phone-number "
                          disabled={false}
                          id="owisp-phone-number-change-phone-number"
                          name="phone_number"
                          onBlur={[Function]}
                          onChange={[Function]}
                          onClick={[Function]}
                          onCopy={[Function]}
                          onDoubleClick={[Function]}
                          onFocus={[Function]}
                          onKeyDown={[Function]}
                          placeholder="enter mobile phone number"
                          required={true}
                          style={Object {}}
                          type="tel"
                          value="+39"
                        />
                        <div
                          className=" flag-dropdown"
                          style={Object {}}
                        >
                          <div
                            aria-haspopup="listbox"
                            className="selected-flag"
                            onClick={[Function]}
                            role="button"
                            tabIndex="0"
                            title="Italy: + 39"
                          >
                            <div
                              className="flag it"
                            >
                              <div
                                className="arrow"
                              />
                            </div>
                          </div>
                        </div>
                      </div>
                    </t>
                  </div>
                </div>
                <input
                  className="owisp-phone-number-change-form-btn owisp-phone-number-change-submit-btn owisp-btn-primary"
                  id="owisp-phone-number-change-submit-btn"
                  type="submit"
                  value="Change phone number"
                />
                <a
                  className="owisp-btn-primary full-line"
                  href="/test-org-2/mobile-phone-verification"
                  id="owisp-phone-number-change-cancel-btn"
                >
                  Cancel
                </a>
              </form>
            </div>
            <div
              className="owisp-phone-number-change-contact-container"
            >
              <Connect(Contact)>
                <Contact
                  contactPage={
                    Object {
                      "email": Object {
                        "label": Object {
                          "en": "E-mail",
                        },
                        "value": Object {
                          "en": "support@openwisp.co",
                        },
                      },
                      "helpdesk": Object {
                        "label": Object {
                          "en": "Helpdesk",
                        },
                        "value": Object {
                          "en": "+789 948 564",
                        },
                      },
                      "social_links": Array [
                        Object {
                          "alt": Object {
                            "en": "twitter",
                          },
                          "icon": "twitter.svg",
                          "url": "https://twitter.com/openwisp",
                        },
                        Object {
                          "alt": Object {
                            "en": "facebook",
                          },
                          "icon": "facebook.svg",
                          "url": "https://facebook.com/openwisp",
                        },
                      ],
                    }
                  }
                  dispatch={[Function]}
                  isAuthenticated={false}
                  language="en"
                  orgSlug="test-org-2"
                >
                  <div
                    className="owisp-contact-container"
                  >
                    <div
                      className="owisp-contact-inner"
                    >
                      <div
                        className="owisp-contact-row"
                      >
                        <div
                          className="owisp-contact-label"
                        >
                          E-mail
                          :
                        </div>
                        <a
                          className="owisp-contact-text"
                          href="mailto:support@openwisp.co"
                        >
                          support@openwisp.co
                        </a>
                      </div>
                      <div
                        className="owisp-contact-row"
                      >
                        <div
                          className="owisp-contact-label"
                        >
                          Helpdesk
                          :
                        </div>
                        <a
                          className="owisp-contact-text"
                          href="tel:+789 948 564"
                        >
                          +789 948 564
                        </a>
                      </div>
                      <div
                        className="owisp-contact-links"
                      >
                        <a
                          className="owisp-contact-twitter-link owisp-contact-link"
                          href="https://twitter.com/openwisp"
                          key="https://twitter.com/openwisp"
                          rel="noopener noreferrer"
                          target="_blank"
                        >
                          <img
                            alt="twitter"
                            className="owisp-contact-twitter-image owisp-contact-image"
                            src="/assets/test-org-2/twitter.svg"
                          />
                        </a>
                        <a
                          className="owisp-contact-facebook-link owisp-contact-link"
                          href="https://facebook.com/openwisp"
                          key="https://facebook.com/openwisp"
                          rel="noopener noreferrer"
                          target="_blank"
                        >
                          <img
                            alt="facebook"
                            className="owisp-contact-facebook-image owisp-contact-image"
                            src="/assets/test-org-2/facebook.svg"
                          />
                        </a>
                      </div>
                      <div
                        className="owisp-contact-inner"
                      />
                    </div>
                  </div>
                </Contact>
              </Connect(Contact)>
            </div>
          </div>
        </div>
      </MobilePhoneChange>
    </withRouter(MobilePhoneChange)>
  </Router>
</Provider>
`;
