// Jest Snapshot v1, https://goo.gl/fbAQLP

exports[`<Status /> rendering should render correctly 1`] = `
<div
  className="side-column contact"
>
  <div
    className="inner"
  >
    <div
      className="row"
    >
      <span
        className="label"
      >
        E-mail
        :
      </span>
      <a
        className="link"
        href="mailto:support@openwisp.co"
      >
        support@openwisp.co
      </a>
    </div>
    <div
      className="row"
    >
      <span
        className="label"
      >
        Helpdesk
        :
      </span>
      <a
        className="link"
        href="tel:+789 948 564"
      >
        +789 948 564
      </a>
    </div>
    <div
      className="contact-links"
    >
      <a
        className="contact-twitter-link link"
        href="https://twitter.com/openwisp"
        rel="noopener noreferrer"
        target="_blank"
      >
        <img
          alt="twitter"
          className="contact-twitter-image contact-image"
          src="/assets/default/twitter.svg"
        />
      </a>
      <a
        className="contact-facebook-link link"
        href="https://facebook.com/openwisp"
        rel="noopener noreferrer"
        target="_blank"
      >
        <img
          alt="facebook"
          className="contact-facebook-image contact-image"
          src="/assets/default/facebook.svg"
        />
      </a>
    </div>
  </div>
</div>
`;
